// Jest Snapshot v1, https://goo.gl/fbAQLP

exports[`babelConfig should match snapshot 1`] = `
Array [
  "module-resolver",
  Object {
    "alias": Object {
      "@": "./src/",
    },
    "root": Array [
      ".",
    ],
  },
]
`;
